******************************************************************************
                  TI ARM Linker PC v20.2.6                     
******************************************************************************
>> Linked Tue Apr 12 12:28:46 2022

OUTPUT FILE NAME:   <EJ_UART.out>
ENTRY POINT SYMBOL: "_c_int00_noinit_noargs"  address: 00000531


MEMORY CONFIGURATION

         name            origin    length      used     unused   attr    fill
----------------------  --------  ---------  --------  --------  ----  --------
  MAIN                  00000000   00040000  00000658  0003f9a8  R  X
  INFO                  00200000   00004000  00000000  00004000  R  X
  SRAM_CODE             01000000   00010000  00000200  0000fe00  RW X
  SRAM_DATA             20000000   00010000  00000200  0000fe00  RW  


SEGMENT ALLOCATION MAP

run origin  load origin   length   init length attrs members
----------  ----------- ---------- ----------- ----- -------
00000000    00000000    00000658   00000658    r-x
  00000000    00000000    000000e4   000000e4    r-- .intvecs
  000000e4    000000e4    00000514   00000514    r-x .text
  000005f8    000005f8    00000060   00000060    r-- .const
2000fe00    2000fe00    00000200   00000000    rw-
  2000fe00    2000fe00    00000200   00000000    rw- .stack


SECTION ALLOCATION MAP

 output                                  attributes/
section   page    origin      length       input sections
--------  ----  ----------  ----------   ----------------
.intvecs   0    00000000    000000e4     
                  00000000    000000e4     startup_msp432p401r_ccs.obj (.intvecs:retain)

.text      0    000000e4    00000514     
                  000000e4    0000011c     msp432p4xx_driverlib.lib : uart.o (.text:UART_initModule)
                  00000200    00000088                              : gpio.o (.text:GPIO_setAsPeripheralModuleFunctionInputPin)
                  00000288    00000080                              : interrupt.o (.text:Interrupt_enableInterrupt)
                  00000308    00000078     system_msp432p401r.obj (.text:SystemInit)
                  00000380    00000064     msp432p4xx_driverlib.lib : uart.o (.text:UART_getEnabledInterruptStatus)
                  000003e4    00000054     main.obj (.text:main)
                  00000438    00000034     msp432p4xx_driverlib.lib : cs.o (.text:CS_setDCOCenteredFrequency)
                  0000046c    00000034                              : uart.o (.text:UART_transmitData)
                  000004a0    00000030     main.obj (.text:EUSCIA0_IRQHandler)
                  000004d0    00000030     msp432p4xx_driverlib.lib : uart.o (.text:UART_enableInterrupt)
                  00000500    00000030                              : uart.o (.text:UART_receiveData)
                  00000530    0000002c     rtsv7M4_T_le_v4SPD16_eabi.lib : boot_cortex_m.c.obj (.text:_c_int00_noinit_noargs:_c_int00_noinit_noargs)
                  0000055c    00000028     msp432p4xx_driverlib.lib : pcm.o (.text:PCM_gotoLPM0)
                  00000584    00000018                              : uart.o (.text:UART_getInterruptStatus)
                  0000059c    00000016                              : uart.o (.text:UART_enableModule)
                  000005b2    00000010                              : interrupt.o (.text:Interrupt_enableMaster)
                  000005c2    00000002     startup_msp432p401r_ccs.obj (.text:Default_Handler)
                  000005c4    00000010     msp432p4xx_driverlib.lib : interrupt.o (.text:Interrupt_enableSleepOnIsrExit)
                  000005d4    0000000c                              : cpu.o (.text:CPU_cpsie)
                  000005e0    0000000c     startup_msp432p401r_ccs.obj (.text:Reset_Handler)
                  000005ec    00000004     msp432p4xx_driverlib.lib : cpu.o (.text:CPU_wfi)
                  000005f0    00000004     rtsv7M4_T_le_v4SPD16_eabi.lib : pre_init.c.obj (.text:_system_pre_init)
                  000005f4    00000004                                   : exit.c.obj (.text:abort:abort)

.const     0    000005f8    00000060     
                  000005f8    00000030     msp432p4xx_driverlib.lib : gpio.o (.const:GPIO_PORT_TO_BASE)
                  00000628    00000028     main.obj (.const:uartConfig)
                  00000650    00000008     msp432p4xx_driverlib.lib : interrupt.o (.const:g_pulEnRegs)

.cinit     0    00000000    00000000     UNINITIALIZED

.init_array 
*          0    00000000    00000000     UNINITIALIZED

.binit     0    00000000    00000000     

.stack     0    2000fe00    00000200     UNINITIALIZED
                  2000fe00    00000004     rtsv7M4_T_le_v4SPD16_eabi.lib : boot_cortex_m.c.obj (.stack)
                  2000fe04    000001fc     --HOLE--

__llvm_prf_cnts 
*          0    20000000    00000000     UNINITIALIZED

MODULE SUMMARY

       Module                        code   ro data   rw data
       ------                        ----   -------   -------
    .\
       main.obj                      132    40        0      
       system_msp432p401r.obj        120    0         0      
    +--+-----------------------------+------+---------+---------+
       Total:                        252    40        0      
                                                             
    .\ccs\
       startup_msp432p401r_ccs.obj   14     228       0      
    +--+-----------------------------+------+---------+---------+
       Total:                        14     228       0      
                                                             
    D:/ti/simplelink_msp432p4_sdk_3_40_01_02/source/ti/devices/msp432p4xx/driverlib/ccs/msp432p4xx_driverlib.lib
       uart.o                        578    0         0      
       gpio.o                        136    48        0      
       interrupt.o                   160    8         0      
       cs.o                          52     0         0      
       pcm.o                         40     0         0      
       cpu.o                         16     0         0      
    +--+-----------------------------+------+---------+---------+
       Total:                        982    56        0      
                                                             
    D:\ProgramFiles\ti\ccs1110\ccs\tools\compiler\ti-cgt-arm_20.2.6.LTS\lib\rtsv7M4_T_le_v4SPD16_eabi.lib
       boot_cortex_m.c.obj           44     0         0      
       exit.c.obj                    4      0         0      
       pre_init.c.obj                4      0         0      
    +--+-----------------------------+------+---------+---------+
       Total:                        52     0         0      
                                                             
       Stack:                        0      0         1024   
    +--+-----------------------------+------+---------+---------+
       Grand Total:                  1300   324       1024   


GLOBAL SYMBOLS: SORTED ALPHABETICALLY BY Name 

address   name                                      
-------   ----                                      
000005c3  ADC14_IRQHandler                          
000005c3  AES256_IRQHandler                         
000005c3  BusFault_Handler                          
000005f5  C$$EXIT                                   
000005c3  COMP_E0_IRQHandler                        
000005c3  COMP_E1_IRQHandler                        
000005d5  CPU_cpsie                                 
000005ed  CPU_wfi                                   
000005c3  CS_IRQHandler                             
00000439  CS_setDCOCenteredFrequency                
000005c3  DMA_ERR_IRQHandler                        
000005c3  DMA_INT0_IRQHandler                       
000005c3  DMA_INT1_IRQHandler                       
000005c3  DMA_INT2_IRQHandler                       
000005c3  DMA_INT3_IRQHandler                       
000005c3  DebugMon_Handler                          
000005c3  Default_Handler                           
000004a1  EUSCIA0_IRQHandler                        
000004a1  EUSCIA0_IRQHandler                        
000005c3  EUSCIA1_IRQHandler                        
000005c3  EUSCIA2_IRQHandler                        
000005c3  EUSCIA3_IRQHandler                        
000005c3  EUSCIB0_IRQHandler                        
000005c3  EUSCIB1_IRQHandler                        
000005c3  EUSCIB2_IRQHandler                        
000005c3  EUSCIB3_IRQHandler                        
000005c3  FLCTL_IRQHandler                          
000005c3  FPU_IRQHandler                            
00000201  GPIO_setAsPeripheralModuleFunctionInputPin
000005c3  HardFault_Handler                         
00000289  Interrupt_enableInterrupt                 
000005b3  Interrupt_enableMaster                    
000005c5  Interrupt_enableSleepOnIsrExit            
000005c3  MemManage_Handler                         
000005c3  NMI_Handler                               
000005c3  PCM_IRQHandler                            
0000055d  PCM_gotoLPM0                              
000005c3  PORT1_IRQHandler                          
000005c3  PORT2_IRQHandler                          
000005c3  PORT3_IRQHandler                          
000005c3  PORT4_IRQHandler                          
000005c3  PORT5_IRQHandler                          
000005c3  PORT6_IRQHandler                          
000005c3  PSS_IRQHandler                            
000005c3  PendSV_Handler                            
000005c3  RTC_C_IRQHandler                          
000005e1  Reset_Handler                             
000005c3  SVC_Handler                               
000005c3  SysTick_Handler                           
00000309  SystemInit                                
000005c3  T32_INT1_IRQHandler                       
000005c3  T32_INT2_IRQHandler                       
000005c3  T32_INTC_IRQHandler                       
000005c3  TA0_0_IRQHandler                          
000005c3  TA0_N_IRQHandler                          
000005c3  TA1_0_IRQHandler                          
000005c3  TA1_N_IRQHandler                          
000005c3  TA2_0_IRQHandler                          
000005c3  TA2_N_IRQHandler                          
000005c3  TA3_0_IRQHandler                          
000005c3  TA3_N_IRQHandler                          
000004d1  UART_enableInterrupt                      
0000059d  UART_enableModule                         
00000381  UART_getEnabledInterruptStatus            
00000585  UART_getInterruptStatus                   
000000e5  UART_initModule                           
00000501  UART_receiveData                          
0000046d  UART_transmitData                         
000005c3  UsageFault_Handler                        
4000480c  WDTCTL_SYM                                
000005c3  WDT_A_IRQHandler                          
20010000  __STACK_END                               
00000200  __STACK_SIZE                              
ffffffff  __TI_pprof_out_hndl                       
ffffffff  __TI_prof_data_size                       
ffffffff  __TI_prof_data_start                      
00000000  __TI_static_base__                        
ffffffff  __binit__                                 
ffffffff  __c_args__                                
UNDEFED   __mpu_init                                
2000fe00  __stack                                   
20000000  __start___llvm_prf_cnts                   
20000000  __stop___llvm_prf_cnts                    
00000531  _c_int00_noinit_noargs                    
000005f1  _system_pre_init                          
000005f5  abort                                     
ffffffff  binit                                     
00000000  interruptVectors                          
000003e5  main                                      
00000628  uartConfig                                


GLOBAL SYMBOLS: SORTED BY Symbol Address 

address   name                                      
-------   ----                                      
00000000  __TI_static_base__                        
00000000  interruptVectors                          
000000e5  UART_initModule                           
00000200  __STACK_SIZE                              
00000201  GPIO_setAsPeripheralModuleFunctionInputPin
00000289  Interrupt_enableInterrupt                 
00000309  SystemInit                                
00000381  UART_getEnabledInterruptStatus            
000003e5  main                                      
00000439  CS_setDCOCenteredFrequency                
0000046d  UART_transmitData                         
000004a1  EUSCIA0_IRQHandler                        
000004a1  EUSCIA0_IRQHandler                        
000004d1  UART_enableInterrupt                      
00000501  UART_receiveData                          
00000531  _c_int00_noinit_noargs                    
0000055d  PCM_gotoLPM0                              
00000585  UART_getInterruptStatus                   
0000059d  UART_enableModule                         
000005b3  Interrupt_enableMaster                    
000005c3  ADC14_IRQHandler                          
000005c3  AES256_IRQHandler                         
000005c3  BusFault_Handler                          
000005c3  COMP_E0_IRQHandler                        
000005c3  COMP_E1_IRQHandler                        
000005c3  CS_IRQHandler                             
000005c3  DMA_ERR_IRQHandler                        
000005c3  DMA_INT0_IRQHandler                       
000005c3  DMA_INT1_IRQHandler                       
000005c3  DMA_INT2_IRQHandler                       
000005c3  DMA_INT3_IRQHandler                       
000005c3  DebugMon_Handler                          
000005c3  Default_Handler                           
000005c3  EUSCIA1_IRQHandler                        
000005c3  EUSCIA2_IRQHandler                        
000005c3  EUSCIA3_IRQHandler                        
000005c3  EUSCIB0_IRQHandler                        
000005c3  EUSCIB1_IRQHandler                        
000005c3  EUSCIB2_IRQHandler                        
000005c3  EUSCIB3_IRQHandler                        
000005c3  FLCTL_IRQHandler                          
000005c3  FPU_IRQHandler                            
000005c3  HardFault_Handler                         
000005c3  MemManage_Handler                         
000005c3  NMI_Handler                               
000005c3  PCM_IRQHandler                            
000005c3  PORT1_IRQHandler                          
000005c3  PORT2_IRQHandler                          
000005c3  PORT3_IRQHandler                          
000005c3  PORT4_IRQHandler                          
000005c3  PORT5_IRQHandler                          
000005c3  PORT6_IRQHandler                          
000005c3  PSS_IRQHandler                            
000005c3  PendSV_Handler                            
000005c3  RTC_C_IRQHandler                          
000005c3  SVC_Handler                               
000005c3  SysTick_Handler                           
000005c3  T32_INT1_IRQHandler                       
000005c3  T32_INT2_IRQHandler                       
000005c3  T32_INTC_IRQHandler                       
000005c3  TA0_0_IRQHandler                          
000005c3  TA0_N_IRQHandler                          
000005c3  TA1_0_IRQHandler                          
000005c3  TA1_N_IRQHandler                          
000005c3  TA2_0_IRQHandler                          
000005c3  TA2_N_IRQHandler                          
000005c3  TA3_0_IRQHandler                          
000005c3  TA3_N_IRQHandler                          
000005c3  UsageFault_Handler                        
000005c3  WDT_A_IRQHandler                          
000005c5  Interrupt_enableSleepOnIsrExit            
000005d5  CPU_cpsie                                 
000005e1  Reset_Handler                             
000005ed  CPU_wfi                                   
000005f1  _system_pre_init                          
000005f5  C$$EXIT                                   
000005f5  abort                                     
00000628  uartConfig                                
20000000  __start___llvm_prf_cnts                   
20000000  __stop___llvm_prf_cnts                    
2000fe00  __stack                                   
20010000  __STACK_END                               
4000480c  WDTCTL_SYM                                
ffffffff  __TI_pprof_out_hndl                       
ffffffff  __TI_prof_data_size                       
ffffffff  __TI_prof_data_start                      
ffffffff  __binit__                                 
ffffffff  __c_args__                                
ffffffff  binit                                     
UNDEFED   __mpu_init                                

[90 symbols]
